[02:50:21] [ServerMain/INFO]: Environment: Environment[sessionHost=https://sessionserver.mojang.com, servicesHost=https://api.minecraftservices.com, name=PROD]
[02:50:25] [ServerMain/INFO]: Loaded 1407 recipes
[02:50:25] [ServerMain/INFO]: Loaded 1520 advancements
[02:50:25] [Server thread/INFO]: Starting minecraft server version 1.21.8
[02:50:25] [Server thread/INFO]: Loading properties
[02:50:25] [Server thread/INFO]: Default game type: SURVIVAL
[02:50:25] [Server thread/INFO]: Generating keypair
[02:50:25] [Server thread/INFO]: Starting Minecraft server on *:25565
[02:50:25] [Server thread/INFO]: Using epoll channel type
[02:50:25] [Server thread/WARN]: **** SERVER IS RUNNING IN OFFLINE/INSECURE MODE!
[02:50:25] [Server thread/WARN]: The server will make no attempt to authenticate usernames. Beware.
[02:50:25] [Server thread/WARN]: While this makes the game possible to play without internet access, it also opens up the ability for hackers to connect with any username they choose.
[02:50:25] [Server thread/WARN]: To change this, set "online-mode" to "true" in the server.properties file.
[02:50:25] [Server thread/INFO]: Preparing level "world"
[02:50:26] [Server thread/INFO]: Preparing start region for dimension minecraft:overworld
[02:50:33] [Worker-Main-1/INFO]: Preparing spawn area: 0%
[02:50:33] [Worker-Main-1/INFO]: Preparing spawn area: 0%
[02:50:33] [Worker-Main-1/INFO]: Preparing spawn area: 0%
[02:50:33] [Worker-Main-1/INFO]: Preparing spawn area: 0%
[02:50:33] [Worker-Main-1/INFO]: Preparing spawn area: 0%
[02:50:33] [Worker-Main-1/INFO]: Preparing spawn area: 0%
[02:50:33] [Worker-Main-1/INFO]: Preparing spawn area: 0%
[02:50:33] [Worker-Main-1/INFO]: Preparing spawn area: 0%
[02:50:33] [Worker-Main-1/INFO]: Preparing spawn area: 0%
[02:50:33] [Worker-Main-1/INFO]: Preparing spawn area: 0%
[02:50:33] [Worker-Main-1/INFO]: Preparing spawn area: 0%
[02:50:33] [Worker-Main-1/INFO]: Preparing spawn area: 0%
[02:50:33] [Worker-Main-1/INFO]: Preparing spawn area: 0%
[02:50:33] [Worker-Main-1/INFO]: Preparing spawn area: 0%
[02:50:33] [Worker-Main-1/INFO]: Preparing spawn area: 0%
[02:50:33] [Server thread/INFO]: Time elapsed: 7560 ms
[02:50:33] [Server thread/INFO]: Done (8.069s)! For help, type "help"
[02:50:49] [Server thread/INFO]: DAKCR[/100.68.160.27:51962] logged in with entity id 55 at (-1515.5217301591595, 62.9375, 364.79138824298514)
[02:50:49] [Server thread/INFO]: DAKCR joined the game
[02:51:40] [Server thread/INFO]: edinson123pro[/100.87.157.5:61169] logged in with entity id 707 at (-1522.1411798749698, 63.0, 365.8404551191412)
[02:51:40] [Server thread/INFO]: edinson123pro joined the game
[02:51:40] [Server thread/INFO]: DarkJunior[/100.68.250.116:53783] logged in with entity id 711 at (-176.92907600424857, 94.0, 34.06646671440615)
[02:51:40] [Server thread/INFO]: DarkJunior joined the game
[02:52:06] [Server thread/INFO]: [Not Secure] <DAKCR> como se ve cuantitimepo tiene una posicion que ya me e tomado
[02:52:23] [Server thread/INFO]: [Not Secure] <DarkJunior> en el inventario
[02:52:35] [Server thread/INFO]: [Not Secure] <edinson123pro> ?
[02:52:39] [Server thread/INFO]: [Not Secure] <DarkJunior> ?!!!
[02:52:41] [Server thread/INFO]: [Not Secure] <DAKCR> ?'''??
[02:52:51] [Server thread/INFO]: [Not Secure] <DAKCR> men esta ves no e tomado
[02:52:56] [Server thread/INFO]: [Not Secure] <DAKCR> ni una pocion
[02:53:03] [Server thread/INFO]: [Not Secure] <edinson123pro> regreso en el timepo?
[02:58:47] [Server thread/INFO]: VICTOR[/100.84.205.84:50566] logged in with entity id 3922 at (-1522.671912011492, 62.9375, 377.69999998807907)
[02:58:47] [Server thread/INFO]: VICTOR joined the game
[02:58:52] [Server thread/INFO]: [Not Secure] <VICTOR> solo un prime
